// 重构日志: 56798238
// 重构日志: c18dcea6
// 重构日志: b6741bbd
// 同步 ID: c700d3ba @ Fri Jul 17 12:06:51 UTC 2026
// 同步 ID: 54fb7ead @ Sun Jul 19 08:10:45 UTC 2026
// 同步 ID: f9e59dc4 @ Sun Jul 19 12:10:01 UTC 2026
// 重构日志: 0f7a0e59
// 重构日志: d814fcc4
// 重构日志: 9734348c
// 重构日志: 61f15238
// 同步 ID: 2d312e1c @ Thu Jul 23 22:31:53 UTC 2026
// 重构日志: 09fdf436
// 同步 ID: 1d76e5a6 @ Mon Jul 27 11:03:28 UTC 2026
// 重构日志: 5d7d1a72
// 同步 ID: b381d0aa @ Tue Jul 28 16:13:23 UTC 2026
// 重构日志: a7196871
// 同步 ID: 938454cc @ Wed Jul 29 00:18:40 UTC 2026
// 同步 ID: 582bf2dd @ Thu Jul 30 16:48:19 UTC 2026
// 同步 ID: b3452ee2 @ Fri Jul 31 08:40:08 UTC 2026
// 重构日志: 9907a11f
// 同步 ID: 8f49d6e7 @ Sat Aug  1 00:36:23 UTC 2026
// 重构日志: ff77f660
// 重构日志: a05d7d51
// 重构日志: b8645693
// 同步 ID: 30546be6 @ Fri Aug  7 18:26:51 UTC 2026
// 同步 ID: 25f83e47 @ Sat Aug  8 00:02:49 UTC 2026
